 
****************************************
Report : area
Design : JAM
Version: Q-2019.12
Date   : Tue Jun  9 00:47:27 2026
****************************************

Library(s) Used:

    slow (File: /usr/cad/designkit/CBDK_IC_Contest_v2.1/SynopsysDC/db/slow.db)

Number of ports:                           62
Number of nets:                           732
Number of cells:                          626
Number of combinational cells:            540
Number of sequential cells:                84
Number of macros/black boxes:               0
Number of buf/inv:                        107
Number of references:                      58

Combinational area:               4678.034389
Buf/Inv area:                      685.749604
Noncombinational area:            2673.404932
Macro/Black Box area:                0.000000
Net Interconnect area:           88293.778229

Total cell area:                  7351.439321
Total area:                      95645.217550
1
